{
    "argnorm - amrfinderplus_ncbi_raw - tsv": {
        "content": [
            {
                "0": [
                    [
                        {
                            "id": "test.tsv",
                            "single_end": false
                        },
                        "test.tsv:md5,f870c239182592a065d9f80732b39bba"
                    ]
                ],
                "1": [
                    "versions.yml:md5,e200075d98a6f59137f105efceea0426"
                ],
                "tsv": [
                    [
                        {
                            "id": "test.tsv",
                            "single_end": false
                        },
                        "test.tsv:md5,f870c239182592a065d9f80732b39bba"
                    ]
                ],
                "versions": [
                    "versions.yml:md5,e200075d98a6f59137f105efceea0426"
                ]
            }
        ],
        "meta": {
            "nf-test": "0.8.4",
            "nextflow": "24.04.2"
        },
        "timestamp": "2024-07-02T14:56:50.742114812"
    },
    "argnorm - amrfinderplus_ncbi_hamronized - tsv": {
        "content": [
            {
                "0": [
                    [
                        {
                            "id": "test.tsv",
                            "single_end": false
                        },
                        "test.tsv:md5,1f9a3820f09fd6a818af372dfe5cf322"
                    ]
                ],
                "1": [
                    "versions.yml:md5,e200075d98a6f59137f105efceea0426"
                ],
                "tsv": [
                    [
                        {
                            "id": "test.tsv",
                            "single_end": false
                        },
                        "test.tsv:md5,1f9a3820f09fd6a818af372dfe5cf322"
                    ]
                ],
                "versions": [
                    "versions.yml:md5,e200075d98a6f59137f105efceea0426"
                ]
            }
        ],
        "meta": {
            "nf-test": "0.8.4",
            "nextflow": "24.04.2"
        },
        "timestamp": "2024-07-02T14:57:19.694510786"
    },
    "argnorm - amrfinderplus_ncbi_hamronized - tsv - stub": {
        "content": [
            {
                "0": [
                    [
                        {
                            "id": "test.tsv",
                            "single_end": false
                        },
                        "test.tsv:md5,1f9a3820f09fd6a818af372dfe5cf322"
                    ]
                ],
                "1": [
                    "versions.yml:md5,e200075d98a6f59137f105efceea0426"
                ],
                "tsv": [
                    [
                        {
                            "id": "test.tsv",
                            "single_end": false
                        },
                        "test.tsv:md5,1f9a3820f09fd6a818af372dfe5cf322"
                    ]
                ],
                "versions": [
                    "versions.yml:md5,e200075d98a6f59137f105efceea0426"
                ]
            }
        ],
        "meta": {
            "nf-test": "0.8.4",
            "nextflow": "24.04.2"
        },
        "timestamp": "2024-07-02T14:57:47.422476341"
    },
    "argnorm - amrfinderplus_ncbi - tsv - stub": {
        "content": [
            {
                "0": [
                    [
                        {
                            "id": "test.tsv",
                            "single_end": false
                        },
                        "test.tsv:md5,e41b52c1213d8833c37472e3efb24db4"
                    ]
                ],
                "1": [
                    "versions.yml:md5,e200075d98a6f59137f105efceea0426"
                ],
                "tsv": [
                    [
                        {
                            "id": "test.tsv",
                            "single_end": false
                        },
                        "test.tsv:md5,e41b52c1213d8833c37472e3efb24db4"
                    ]
                ],
                "versions": [
                    "versions.yml:md5,e200075d98a6f59137f105efceea0426"
                ]
            }
        ],
        "meta": {
            "nf-test": "0.8.4",
            "nextflow": "24.04.2"
        },
        "timestamp": "2024-07-02T14:58:14.950164297"
    }
}